// Jest Snapshot v1, https://goo.gl/fbAQLP

exports[`SpeciesSummaryPanel matches snapshot with nothing to show 1`] = `
Array [
  <ul
    className="tabs"
    data-tabs={true}
    id="species-summary-tabs"
  />,
  <div
    className="tabs-content"
    data-tabs-content="species-summary-tabs"
  />,
]
`;

exports[`SpeciesSummaryPanel matches snapshot with something to show 1`] = `
Array [
  <ul
    className="tabs"
    data-tabs={true}
    id="species-summary-tabs"
  >
    <li
      className="tabs-title is-active"
      style={
        Object {
          "textTransform": "capitalize",
        }
      }
    >
      <a
        href="#animals"
      >
        animals
      </a>
    </li>
    <li
      className="tabs-title"
      style={
        Object {
          "textTransform": "capitalize",
        }
      }
    >
      <a
        href="#plants"
      >
        plants
      </a>
    </li>
    <li
      className="tabs-title"
      style={
        Object {
          "textTransform": "capitalize",
        }
      }
    >
      <a
        href="#fungi"
      >
        fungi
      </a>
    </li>
  </ul>,
  <div
    className="tabs-content"
    data-tabs-content="species-summary-tabs"
  >
    <div
      className="tabs-panel is-active"
      id="animals"
    >
      <div />
    </div>
    <div
      className="tabs-panel"
      id="plants"
    >
      <div />
    </div>
    <div
      className="tabs-panel"
      id="fungi"
    >
      <div />
    </div>
  </div>,
]
`;
